This is XeTeX, Version 3.141592653-2.6-0.999997 (TeX Live 2025) (preloaded format=xelatex 2025.3.8)  7 JUN 2026 01:11
entering extended mode
 restricted \write18 enabled.
 %&-line parsing enabled.
**/Users/moeein/Documents/SUT-Courses/CE242-SS/Assignments/Assignment03/LaTeX-Template/questions/7
(/Users/moeein/Documents/SUT-Courses/CE242-SS/Assignments/Assignment03/LaTeX-Template/questions/7.tex
LaTeX2e <2024-11-01> patch level 2
L3 programming layer <2025-01-18>

! LaTeX Error: Missing \begin{document}.

See the LaTeX manual or LaTeX Companion for explanation.
Type  H <return>  for immediate help.
 ...                                              
                                                  
l.1 ت
     ست
You're in trouble here.  Try typing  <return>  to proceed.
If that doesn't work, type  X <return>  to quit.

Missing character: There is no ت ("62A) in font nullfont!
Missing character: There is no س ("633) in font nullfont!
Missing character: There is no ت ("62A) in font nullfont!
)
! Emergency stop.
<*> ...nts/Assignment03/LaTeX-Template/questions/7
                                                  
*** (job aborted, no legal \end found)

 
Here is how much of TeX's memory you used:
 14 strings out of 473832
 517 string characters out of 5729482
 386380 words of memory out of 5000000
 23180 multiletter control sequences out of 15000+600000
 558837 words of font info for 36 fonts, out of 8000000 for 9000
 1348 hyphenation exceptions out of 8191
 15i,0n,18p,135b,14s stack positions out of 10000i,1000n,20000p,200000b,200000s
No pages of output.
